------------------------------------------------------------
TimeQuest Timing Analyzer Summary
------------------------------------------------------------

Type  : Slow 1100mV 85C Model Setup 'CLOCK_50'
Slack : -2.424
TNS   : -147.229

Type  : Slow 1100mV 85C Model Hold 'CLOCK_50'
Slack : 0.323
TNS   : 0.000

Type  : Slow 1100mV 85C Model Minimum Pulse Width 'CLOCK_50'
Slack : -0.394
TNS   : -45.581

Type  : Slow 1100mV 0C Model Setup 'CLOCK_50'
Slack : -2.453
TNS   : -145.874

Type  : Slow 1100mV 0C Model Hold 'CLOCK_50'
Slack : 0.314
TNS   : 0.000

Type  : Slow 1100mV 0C Model Minimum Pulse Width 'CLOCK_50'
Slack : -0.394
TNS   : -48.394

Type  : Fast 1100mV 85C Model Setup 'CLOCK_50'
Slack : -0.969
TNS   : -45.582

Type  : Fast 1100mV 85C Model Hold 'CLOCK_50'
Slack : 0.176
TNS   : 0.000

Type  : Fast 1100mV 85C Model Minimum Pulse Width 'CLOCK_50'
Slack : -0.095
TNS   : -7.848

Type  : Fast 1100mV 0C Model Setup 'CLOCK_50'
Slack : -0.800
TNS   : -36.709

Type  : Fast 1100mV 0C Model Hold 'CLOCK_50'
Slack : 0.161
TNS   : 0.000

Type  : Fast 1100mV 0C Model Minimum Pulse Width 'CLOCK_50'
Slack : -0.090
TNS   : -7.586

------------------------------------------------------------
